≡ƒôä PDF Size: 8.08 MB
[Subject Extraction] Starting table parsing. Total lines: 1415
[Subject Extraction] Found table header at line 6 : S.NOSEMESTERCOURSE CODECOURSE NAMEGRADE OBTAINEDRESULT
[Subject Extraction] Parsing line 8 : 2220MC052Environmental Science and EngineeringB+P
[Subject Extraction] Γ£ô Extracted subject: {"courseCode":"MC052","courseName":"Environmental Science and Engineering","grade":"B+","result":"P","credits":0}
[Subject Extraction] Parsing line 9 : 3220CS211C ProgrammingAP
[Subject Extraction] Γ£ô Extracted subject: {"courseCode":"CS211","courseName":"C Programmin","grade":"GA","result":"P","credits":0}
[Subject Extraction] Parsing line 10 : 4220EE231Digital principles and Computer DesignA+P
[Subject Extraction] Γ£ô Extracted subject: {"courseCode":"EE231","courseName":"Digital principles and Computer Design","grade":"A+","result":"P","credits":0}
[Subject Extraction] Parsing line 11 : 5220PH051Engineering PhysicsAP
[Subject Extraction] Γ£ô Extracted subject: {"courseCode":"PH051","courseName":"Engineering Physic","grade":"SA","result":"P","credits":0}
[Subject Extraction] Parsing line 12 : 6220MA232Discrete MathematicsB+P
[Subject Extraction] Γ£ô Extracted subject: {"courseCode":"MA232","courseName":"Discrete Mathematics","grade":"B+","result":"P","credits":0}
[Subject Extraction] Parsing line 13 : 7220EN251Technical English - IIAP
[Subject Extraction] Γ£ô Extracted subject: {"courseCode":"EN251","courseName":"Technical English - I","grade":"IA","result":"P","credits":0}
[Subject Extraction] Parsing line 14 : 8220GE028Manufacturing Practices LaboratoryOP
[Subject Extraction] Γ£ô Extracted subject: {"courseCode":"GE028","courseName":"Manufacturing Practices Laborator","grade":"YO","result":"P","credits":0}
[Subject Extraction] Parsing line 15 : 9220CS221C Programming LaboratoryOP
[Subject Extraction] Γ£ô Extracted subject: {"courseCode":"CS221","courseName":"C Programming Laborator","grade":"YO","result":"P","credits":0}
[Subject Extraction] Parsing line 16 : 10220EE225Digital Systems LaboratoryOP
[Subject Extraction] Γ£ô Extracted subject: {"courseCode":"EE225","courseName":"Digital Systems Laborator","grade":"YO","result":"P","credits":0}
[Subject Extraction] Parsing line 17 : 11220PH028Physics LaboratoryOP
[Subject Extraction] Γ£ô Extracted subject: {"courseCode":"PH028","courseName":"Physics Laborator","grade":"YO","result":"P","credits":0}
[Subject Extraction] End of table detected at line 18
[Subject Extraction] Total subjects extracted: 10

Γ£ô Extraction complete!
Total marksheets extracted: 1

  1. 73152213001 - AARKESH M
     Programme: B.E - Computer Science and Engineering
     Semester: 1
     Subjects: 10
     First subject: MC052 - Environmental Science and Engineering
